[debug] [2025-08-31T10:12:07.655Z] ----------------------------------------------------------------------
[debug] [2025-08-31T10:12:07.656Z] Command:       /Users/ogt/.asdf/installs/nodejs/22.18.0/bin/node /Users/ogt/develop/cheering-rocket/apps/firebase/node_modules/firebase-tools/lib/bin/firebase.js deploy --only firestore:rules,storage:rules --debug
[debug] [2025-08-31T10:12:07.657Z] CLI Version:   14.15.1
[debug] [2025-08-31T10:12:07.657Z] Platform:      darwin
[debug] [2025-08-31T10:12:07.657Z] Node Version:  v22.18.0
[debug] [2025-08-31T10:12:07.657Z] Time:          Sun Aug 31 2025 19:12:07 GMT+0900 (日本標準時)
[debug] [2025-08-31T10:12:07.657Z] ----------------------------------------------------------------------
[debug] 
[debug] [2025-08-31T10:12:07.726Z] Object "/emulators" in "firebase.json" has unknown property: {"additionalProperty":"export"}
[debug] [2025-08-31T10:12:07.728Z] > command requires scopes: ["email","openid","https://www.googleapis.com/auth/cloudplatformprojects.readonly","https://www.googleapis.com/auth/firebase","https://www.googleapis.com/auth/cloud-platform"]
[debug] [2025-08-31T10:12:07.728Z] > authorizing via signed-in user (atatsuy.t10o@gmail.com)
[debug] [2025-08-31T10:12:07.728Z] [iam] checking project cheering-rocket-b3608 for permissions ["datastore.indexes.create","datastore.indexes.delete","datastore.indexes.list","datastore.indexes.update","firebase.projects.get","firebaserules.releases.create","firebaserules.releases.update","firebaserules.rulesets.create"]
[debug] [2025-08-31T10:12:07.728Z] Checked if tokens are valid: true, expires at: 1756638556838
[debug] [2025-08-31T10:12:07.728Z] Checked if tokens are valid: true, expires at: 1756638556838
[debug] [2025-08-31T10:12:07.729Z] >>> [apiv2][query] POST https://cloudresourcemanager.googleapis.com/v1/projects/cheering-rocket-b3608:testIamPermissions [none]
[debug] [2025-08-31T10:12:07.729Z] >>> [apiv2][(partial)header] POST https://cloudresourcemanager.googleapis.com/v1/projects/cheering-rocket-b3608:testIamPermissions x-goog-quota-user=projects/cheering-rocket-b3608
[debug] [2025-08-31T10:12:07.729Z] >>> [apiv2][body] POST https://cloudresourcemanager.googleapis.com/v1/projects/cheering-rocket-b3608:testIamPermissions {"permissions":["datastore.indexes.create","datastore.indexes.delete","datastore.indexes.list","datastore.indexes.update","firebase.projects.get","firebaserules.releases.create","firebaserules.releases.update","firebaserules.rulesets.create"]}
[debug] [2025-08-31T10:12:08.501Z] <<< [apiv2][status] POST https://cloudresourcemanager.googleapis.com/v1/projects/cheering-rocket-b3608:testIamPermissions 200
[debug] [2025-08-31T10:12:08.501Z] <<< [apiv2][body] POST https://cloudresourcemanager.googleapis.com/v1/projects/cheering-rocket-b3608:testIamPermissions {"permissions":["datastore.indexes.create","datastore.indexes.delete","datastore.indexes.list","datastore.indexes.update","firebase.projects.get","firebaserules.releases.create","firebaserules.releases.update","firebaserules.rulesets.create"]}
[info] 
[info] === Deploying to 'cheering-rocket-b3608'...
[info] 
[info] i  deploying storage, firestore 
[info] i  storage: ensuring required API firebasestorage.googleapis.com is enabled... 
[debug] [2025-08-31T10:12:08.503Z] Checked if tokens are valid: true, expires at: 1756638556838
[debug] [2025-08-31T10:12:08.503Z] Checked if tokens are valid: true, expires at: 1756638556838
[debug] [2025-08-31T10:12:08.503Z] >>> [apiv2][query] GET https://firebasestorage.googleapis.com/v1alpha/projects/cheering-rocket-b3608/defaultBucket [none]
[debug] [2025-08-31T10:12:10.565Z] <<< [apiv2][status] GET https://firebasestorage.googleapis.com/v1alpha/projects/cheering-rocket-b3608/defaultBucket 200
[debug] [2025-08-31T10:12:10.565Z] <<< [apiv2][body] GET https://firebasestorage.googleapis.com/v1alpha/projects/cheering-rocket-b3608/defaultBucket {"name":"projects/cheering-rocket-b3608/defaultBucket","location":"US-WEST1","bucket":{"name":"projects/cheering-rocket-b3608/buckets/cheering-rocket-b3608.firebasestorage.app"},"storageClass":"REGIONAL"}
[error] 
[error] Error: Could not find rules for the following storage targets: rules
[debug] [2025-08-31T10:13:24.427Z] ----------------------------------------------------------------------
[debug] [2025-08-31T10:13:24.429Z] Command:       /Users/ogt/.asdf/installs/nodejs/22.18.0/bin/node /Users/ogt/develop/cheering-rocket/apps/firebase/node_modules/firebase-tools/lib/bin/firebase.js deploy --only firestore:rules,storage --debug
[debug] [2025-08-31T10:13:24.429Z] CLI Version:   14.15.1
[debug] [2025-08-31T10:13:24.429Z] Platform:      darwin
[debug] [2025-08-31T10:13:24.429Z] Node Version:  v22.18.0
[debug] [2025-08-31T10:13:24.429Z] Time:          Sun Aug 31 2025 19:13:24 GMT+0900 (日本標準時)
[debug] [2025-08-31T10:13:24.429Z] ----------------------------------------------------------------------
[debug] 
[debug] [2025-08-31T10:13:24.500Z] Object "/emulators" in "firebase.json" has unknown property: {"additionalProperty":"export"}
[debug] [2025-08-31T10:13:24.503Z] > command requires scopes: ["email","openid","https://www.googleapis.com/auth/cloudplatformprojects.readonly","https://www.googleapis.com/auth/firebase","https://www.googleapis.com/auth/cloud-platform"]
[debug] [2025-08-31T10:13:24.503Z] > authorizing via signed-in user (atatsuy.t10o@gmail.com)
[debug] [2025-08-31T10:13:24.503Z] [iam] checking project cheering-rocket-b3608 for permissions ["datastore.indexes.create","datastore.indexes.delete","datastore.indexes.list","datastore.indexes.update","firebase.projects.get","firebaserules.releases.create","firebaserules.releases.update","firebaserules.rulesets.create"]
[debug] [2025-08-31T10:13:24.504Z] Checked if tokens are valid: true, expires at: 1756638556838
[debug] [2025-08-31T10:13:24.504Z] Checked if tokens are valid: true, expires at: 1756638556838
[debug] [2025-08-31T10:13:24.504Z] >>> [apiv2][query] POST https://cloudresourcemanager.googleapis.com/v1/projects/cheering-rocket-b3608:testIamPermissions [none]
[debug] [2025-08-31T10:13:24.504Z] >>> [apiv2][(partial)header] POST https://cloudresourcemanager.googleapis.com/v1/projects/cheering-rocket-b3608:testIamPermissions x-goog-quota-user=projects/cheering-rocket-b3608
[debug] [2025-08-31T10:13:24.504Z] >>> [apiv2][body] POST https://cloudresourcemanager.googleapis.com/v1/projects/cheering-rocket-b3608:testIamPermissions {"permissions":["datastore.indexes.create","datastore.indexes.delete","datastore.indexes.list","datastore.indexes.update","firebase.projects.get","firebaserules.releases.create","firebaserules.releases.update","firebaserules.rulesets.create"]}
[debug] [2025-08-31T10:13:25.336Z] <<< [apiv2][status] POST https://cloudresourcemanager.googleapis.com/v1/projects/cheering-rocket-b3608:testIamPermissions 200
[debug] [2025-08-31T10:13:25.336Z] <<< [apiv2][body] POST https://cloudresourcemanager.googleapis.com/v1/projects/cheering-rocket-b3608:testIamPermissions {"permissions":["datastore.indexes.create","datastore.indexes.delete","datastore.indexes.list","datastore.indexes.update","firebase.projects.get","firebaserules.releases.create","firebaserules.releases.update","firebaserules.rulesets.create"]}
[info] 
[info] === Deploying to 'cheering-rocket-b3608'...
[info] 
[info] i  deploying storage, firestore 
[info] i  storage: ensuring required API firebasestorage.googleapis.com is enabled... 
[debug] [2025-08-31T10:13:25.337Z] Checked if tokens are valid: true, expires at: 1756638556838
[debug] [2025-08-31T10:13:25.337Z] Checked if tokens are valid: true, expires at: 1756638556838
[debug] [2025-08-31T10:13:25.337Z] >>> [apiv2][query] GET https://firebasestorage.googleapis.com/v1alpha/projects/cheering-rocket-b3608/defaultBucket [none]
[debug] [2025-08-31T10:13:27.242Z] <<< [apiv2][status] GET https://firebasestorage.googleapis.com/v1alpha/projects/cheering-rocket-b3608/defaultBucket 200
[debug] [2025-08-31T10:13:27.242Z] <<< [apiv2][body] GET https://firebasestorage.googleapis.com/v1alpha/projects/cheering-rocket-b3608/defaultBucket {"name":"projects/cheering-rocket-b3608/defaultBucket","location":"US-WEST1","bucket":{"name":"projects/cheering-rocket-b3608/buckets/cheering-rocket-b3608.firebasestorage.app"},"storageClass":"REGIONAL"}
[info] i  firebase.storage: checking storage.rules for compilation errors... 
[debug] [2025-08-31T10:13:27.244Z] Checked if tokens are valid: true, expires at: 1756638556838
[debug] [2025-08-31T10:13:27.244Z] Checked if tokens are valid: true, expires at: 1756638556838
[debug] [2025-08-31T10:13:27.244Z] >>> [apiv2][query] POST https://firebaserules.googleapis.com/v1/projects/cheering-rocket-b3608:test [none]
[debug] [2025-08-31T10:13:27.244Z] >>> [apiv2][body] POST https://firebaserules.googleapis.com/v1/projects/cheering-rocket-b3608:test [omitted]
[debug] [2025-08-31T10:13:28.403Z] <<< [apiv2][status] POST https://firebaserules.googleapis.com/v1/projects/cheering-rocket-b3608:test 200
[debug] [2025-08-31T10:13:28.403Z] <<< [apiv2][body] POST https://firebaserules.googleapis.com/v1/projects/cheering-rocket-b3608:test {}
[info] ✔  firebase.storage: rules file storage.rules compiled successfully 
[info] i  firestore: reading indexes from firestore.indexes.json... 
[info] i  cloud.firestore: checking firestore.rules for compilation errors... 
[debug] [2025-08-31T10:13:28.405Z] Checked if tokens are valid: true, expires at: 1756638556838
[debug] [2025-08-31T10:13:28.405Z] Checked if tokens are valid: true, expires at: 1756638556838
[debug] [2025-08-31T10:13:28.406Z] >>> [apiv2][query] POST https://firebaserules.googleapis.com/v1/projects/cheering-rocket-b3608:test [none]
[debug] [2025-08-31T10:13:28.406Z] >>> [apiv2][body] POST https://firebaserules.googleapis.com/v1/projects/cheering-rocket-b3608:test [omitted]
[debug] [2025-08-31T10:13:29.433Z] <<< [apiv2][status] POST https://firebaserules.googleapis.com/v1/projects/cheering-rocket-b3608:test 200
[debug] [2025-08-31T10:13:29.433Z] <<< [apiv2][body] POST https://firebaserules.googleapis.com/v1/projects/cheering-rocket-b3608:test {}
[info] ✔  cloud.firestore: rules file firestore.rules compiled successfully 
[debug] [2025-08-31T10:13:29.434Z] Checked if tokens are valid: true, expires at: 1756638556838
[debug] [2025-08-31T10:13:29.434Z] Checked if tokens are valid: true, expires at: 1756638556838
[debug] [2025-08-31T10:13:29.434Z] >>> [apiv2][query] GET https://firebaserules.googleapis.com/v1/projects/cheering-rocket-b3608/releases pageSize=10&pageToken=
[debug] [2025-08-31T10:13:30.459Z] <<< [apiv2][status] GET https://firebaserules.googleapis.com/v1/projects/cheering-rocket-b3608/releases 200
[debug] [2025-08-31T10:13:30.459Z] <<< [apiv2][body] GET https://firebaserules.googleapis.com/v1/projects/cheering-rocket-b3608/releases {"releases":[{"name":"projects/cheering-rocket-b3608/releases/cloud.firestore","rulesetName":"projects/cheering-rocket-b3608/rulesets/05f3e345-0289-4613-a1fa-6ff0fba97dd0","createTime":"2025-08-30T22:44:56.095682Z","updateTime":"2025-08-30T22:44:56.095682Z"},{"name":"projects/cheering-rocket-b3608/releases/firebase.storage/cheering-rocket-b3608.firebasestorage.app","rulesetName":"projects/cheering-rocket-b3608/rulesets/75fdacb2-1986-4622-905c-be86a71425d0","createTime":"2025-08-30T23:13:59.970634Z","updateTime":"2025-08-30T23:13:59.970634Z"}]}
[debug] [2025-08-31T10:13:30.472Z] Checked if tokens are valid: true, expires at: 1756638556838
[debug] [2025-08-31T10:13:30.473Z] Checked if tokens are valid: true, expires at: 1756638556838
[debug] [2025-08-31T10:13:30.473Z] >>> [apiv2][query] GET https://firebaserules.googleapis.com/v1/projects/cheering-rocket-b3608/rulesets/75fdacb2-1986-4622-905c-be86a71425d0 [none]
[debug] [2025-08-31T10:13:31.509Z] <<< [apiv2][status] GET https://firebaserules.googleapis.com/v1/projects/cheering-rocket-b3608/rulesets/75fdacb2-1986-4622-905c-be86a71425d0 200
[debug] [2025-08-31T10:13:31.509Z] <<< [apiv2][body] GET https://firebaserules.googleapis.com/v1/projects/cheering-rocket-b3608/rulesets/75fdacb2-1986-4622-905c-be86a71425d0 [omitted]
[info] i  storage: uploading rules storage.rules... 
[debug] [2025-08-31T10:13:31.511Z] Checked if tokens are valid: true, expires at: 1756638556838
[debug] [2025-08-31T10:13:31.511Z] Checked if tokens are valid: true, expires at: 1756638556838
[debug] [2025-08-31T10:13:31.511Z] >>> [apiv2][query] POST https://firebaserules.googleapis.com/v1/projects/cheering-rocket-b3608/rulesets [none]
[debug] [2025-08-31T10:13:31.511Z] >>> [apiv2][body] POST https://firebaserules.googleapis.com/v1/projects/cheering-rocket-b3608/rulesets [omitted]
[debug] [2025-08-31T10:13:32.607Z] <<< [apiv2][status] POST https://firebaserules.googleapis.com/v1/projects/cheering-rocket-b3608/rulesets 200
[debug] [2025-08-31T10:13:32.607Z] <<< [apiv2][body] POST https://firebaserules.googleapis.com/v1/projects/cheering-rocket-b3608/rulesets {"name":"projects/cheering-rocket-b3608/rulesets/55c9d1b3-a92a-4efa-8556-b9a7c083989a","source":{"files":[{"content":"rules_version = '2';\nservice firebase.storage {\n  match /b/{bucket}/o {\n\n    // users/{uid}/** 配下はその uid のみ R/W 可\n    match /users/{uid}/{allPaths=**} {\n      allow read, write: if request.auth != null && request.auth.uid == uid;\n    }\n\n    // それ以外はデフォルト拒否\n  }\n}\n","name":"storage.rules"}]},"createTime":"2025-08-31T10:13:32.494815Z","metadata":{"services":["firebase.storage"]}}
[debug] [2025-08-31T10:13:32.607Z] [rules] created ruleset projects/cheering-rocket-b3608/rulesets/55c9d1b3-a92a-4efa-8556-b9a7c083989a
[debug] [2025-08-31T10:13:32.608Z] Checked if tokens are valid: true, expires at: 1756638556838
[debug] [2025-08-31T10:13:32.608Z] Checked if tokens are valid: true, expires at: 1756638556838
[debug] [2025-08-31T10:13:32.609Z] >>> [apiv2][query] GET https://firestore.googleapis.com/v1/projects/cheering-rocket-b3608/databases/(default) [none]
[debug] [2025-08-31T10:13:32.822Z] <<< [apiv2][status] GET https://firestore.googleapis.com/v1/projects/cheering-rocket-b3608/databases/(default) 200
[debug] [2025-08-31T10:13:32.822Z] <<< [apiv2][body] GET https://firestore.googleapis.com/v1/projects/cheering-rocket-b3608/databases/(default) {"name":"projects/cheering-rocket-b3608/databases/(default)","uid":"7acc1bfe-d53b-42e9-b250-fe14d7bc806a","createTime":"2025-08-30T22:44:48.390249Z","updateTime":"2025-08-30T22:44:48.390249Z","locationId":"asia-northeast1","type":"FIRESTORE_NATIVE","concurrencyMode":"PESSIMISTIC","versionRetentionPeriod":"3600s","earliestVersionTime":"2025-08-31T09:13:32.810333Z","appEngineIntegrationMode":"DISABLED","keyPrefix":"b","pointInTimeRecoveryEnablement":"POINT_IN_TIME_RECOVERY_DISABLED","deleteProtectionState":"DELETE_PROTECTION_DISABLED","databaseEdition":"STANDARD","freeTier":true,"etag":"IIiN8I7otI8DMOnY7ZXOs48D"}
[debug] [2025-08-31T10:13:32.823Z] Checked if tokens are valid: true, expires at: 1756638556838
[debug] [2025-08-31T10:13:32.823Z] Checked if tokens are valid: true, expires at: 1756638556838
[debug] [2025-08-31T10:13:32.823Z] >>> [apiv2][query] GET https://firebaserules.googleapis.com/v1/projects/cheering-rocket-b3608/releases pageSize=10&pageToken=
[debug] [2025-08-31T10:13:33.850Z] <<< [apiv2][status] GET https://firebaserules.googleapis.com/v1/projects/cheering-rocket-b3608/releases 200
[debug] [2025-08-31T10:13:33.850Z] <<< [apiv2][body] GET https://firebaserules.googleapis.com/v1/projects/cheering-rocket-b3608/releases {"releases":[{"name":"projects/cheering-rocket-b3608/releases/cloud.firestore","rulesetName":"projects/cheering-rocket-b3608/rulesets/05f3e345-0289-4613-a1fa-6ff0fba97dd0","createTime":"2025-08-30T22:44:56.095682Z","updateTime":"2025-08-30T22:44:56.095682Z"},{"name":"projects/cheering-rocket-b3608/releases/firebase.storage/cheering-rocket-b3608.firebasestorage.app","rulesetName":"projects/cheering-rocket-b3608/rulesets/75fdacb2-1986-4622-905c-be86a71425d0","createTime":"2025-08-30T23:13:59.970634Z","updateTime":"2025-08-30T23:13:59.970634Z"}]}
[debug] [2025-08-31T10:13:33.851Z] Checked if tokens are valid: true, expires at: 1756638556838
[debug] [2025-08-31T10:13:33.851Z] Checked if tokens are valid: true, expires at: 1756638556838
[debug] [2025-08-31T10:13:33.851Z] >>> [apiv2][query] GET https://firebaserules.googleapis.com/v1/projects/cheering-rocket-b3608/rulesets/05f3e345-0289-4613-a1fa-6ff0fba97dd0 [none]
[debug] [2025-08-31T10:13:34.950Z] <<< [apiv2][status] GET https://firebaserules.googleapis.com/v1/projects/cheering-rocket-b3608/rulesets/05f3e345-0289-4613-a1fa-6ff0fba97dd0 200
[debug] [2025-08-31T10:13:34.950Z] <<< [apiv2][body] GET https://firebaserules.googleapis.com/v1/projects/cheering-rocket-b3608/rulesets/05f3e345-0289-4613-a1fa-6ff0fba97dd0 [omitted]
[info] i  firestore: uploading rules firestore.rules... 
[debug] [2025-08-31T10:13:34.951Z] Checked if tokens are valid: true, expires at: 1756638556838
[debug] [2025-08-31T10:13:34.951Z] Checked if tokens are valid: true, expires at: 1756638556838
[debug] [2025-08-31T10:13:34.951Z] >>> [apiv2][query] POST https://firebaserules.googleapis.com/v1/projects/cheering-rocket-b3608/rulesets [none]
[debug] [2025-08-31T10:13:34.951Z] >>> [apiv2][body] POST https://firebaserules.googleapis.com/v1/projects/cheering-rocket-b3608/rulesets [omitted]
[debug] [2025-08-31T10:13:36.016Z] <<< [apiv2][status] POST https://firebaserules.googleapis.com/v1/projects/cheering-rocket-b3608/rulesets 200
[debug] [2025-08-31T10:13:36.017Z] <<< [apiv2][body] POST https://firebaserules.googleapis.com/v1/projects/cheering-rocket-b3608/rulesets {"name":"projects/cheering-rocket-b3608/rulesets/20453eaf-7700-4d57-9b68-7af545817399","source":{"files":[{"content":"rules_version = '2';\nservice cloud.firestore {\n  match /databases/{db}/documents {\n\n    // 自分のユーザー文書のみ R/W 可\n    match /users/{uid} {\n      allow read, write: if request.auth != null && request.auth.uid == uid;\n    }\n\n    // 例：公開読み取りが必要なコレクションがあれば個別に許可\n    // match /public/{doc} {\n    //   allow read: if true;\n    //   allow write: if request.auth != null && request.auth.token.admin == true;\n    // }\n  }\n}","name":"firestore.rules"}]},"createTime":"2025-08-31T10:13:35.859407Z","metadata":{"services":["cloud.firestore"]}}
[debug] [2025-08-31T10:13:36.017Z] [rules] created ruleset projects/cheering-rocket-b3608/rulesets/20453eaf-7700-4d57-9b68-7af545817399
[debug] [2025-08-31T10:13:36.018Z] [rules] releasing firebase.storage/cheering-rocket-b3608.firebasestorage.app with ruleset projects/cheering-rocket-b3608/rulesets/55c9d1b3-a92a-4efa-8556-b9a7c083989a
[debug] [2025-08-31T10:13:36.019Z] Checked if tokens are valid: true, expires at: 1756638556838
[debug] [2025-08-31T10:13:36.019Z] Checked if tokens are valid: true, expires at: 1756638556838
[debug] [2025-08-31T10:13:36.019Z] >>> [apiv2][query] PATCH https://firebaserules.googleapis.com/v1/projects/cheering-rocket-b3608/releases/firebase.storage/cheering-rocket-b3608.firebasestorage.app [none]
[debug] [2025-08-31T10:13:36.019Z] >>> [apiv2][body] PATCH https://firebaserules.googleapis.com/v1/projects/cheering-rocket-b3608/releases/firebase.storage/cheering-rocket-b3608.firebasestorage.app {"release":{"name":"projects/cheering-rocket-b3608/releases/firebase.storage/cheering-rocket-b3608.firebasestorage.app","rulesetName":"projects/cheering-rocket-b3608/rulesets/55c9d1b3-a92a-4efa-8556-b9a7c083989a"}}
[debug] [2025-08-31T10:13:37.102Z] <<< [apiv2][status] PATCH https://firebaserules.googleapis.com/v1/projects/cheering-rocket-b3608/releases/firebase.storage/cheering-rocket-b3608.firebasestorage.app 200
[debug] [2025-08-31T10:13:37.102Z] <<< [apiv2][body] PATCH https://firebaserules.googleapis.com/v1/projects/cheering-rocket-b3608/releases/firebase.storage/cheering-rocket-b3608.firebasestorage.app {"name":"projects/cheering-rocket-b3608/releases/firebase.storage/cheering-rocket-b3608.firebasestorage.app","rulesetName":"projects/cheering-rocket-b3608/rulesets/55c9d1b3-a92a-4efa-8556-b9a7c083989a","createTime":"2025-08-30T23:13:59.970634Z","updateTime":"2025-08-31T10:13:36.934460Z"}
[debug] [2025-08-31T10:13:37.103Z] [rules] updated release projects/cheering-rocket-b3608/releases/firebase.storage/cheering-rocket-b3608.firebasestorage.app
[info] ✔  storage: released rules storage.rules to firebase.storage 
[debug] [2025-08-31T10:13:37.103Z] [rules] releasing cloud.firestore/(default) with ruleset projects/cheering-rocket-b3608/rulesets/20453eaf-7700-4d57-9b68-7af545817399
[debug] [2025-08-31T10:13:37.104Z] Checked if tokens are valid: true, expires at: 1756638556838
[debug] [2025-08-31T10:13:37.104Z] Checked if tokens are valid: true, expires at: 1756638556838
[debug] [2025-08-31T10:13:37.104Z] >>> [apiv2][query] PATCH https://firebaserules.googleapis.com/v1/projects/cheering-rocket-b3608/releases/cloud.firestore/(default) [none]
[debug] [2025-08-31T10:13:37.104Z] >>> [apiv2][body] PATCH https://firebaserules.googleapis.com/v1/projects/cheering-rocket-b3608/releases/cloud.firestore/(default) {"release":{"name":"projects/cheering-rocket-b3608/releases/cloud.firestore/(default)","rulesetName":"projects/cheering-rocket-b3608/rulesets/20453eaf-7700-4d57-9b68-7af545817399"}}
[debug] [2025-08-31T10:13:38.117Z] <<< [apiv2][status] PATCH https://firebaserules.googleapis.com/v1/projects/cheering-rocket-b3608/releases/cloud.firestore/(default) 200
[debug] [2025-08-31T10:13:38.118Z] <<< [apiv2][body] PATCH https://firebaserules.googleapis.com/v1/projects/cheering-rocket-b3608/releases/cloud.firestore/(default) {"name":"projects/cheering-rocket-b3608/releases/cloud.firestore","rulesetName":"projects/cheering-rocket-b3608/rulesets/20453eaf-7700-4d57-9b68-7af545817399","createTime":"2025-08-30T22:44:56.095682Z","updateTime":"2025-08-31T10:13:38.005675Z"}
[debug] [2025-08-31T10:13:38.118Z] [rules] updated release projects/cheering-rocket-b3608/releases/cloud.firestore
[info] ✔  firestore: released rules firestore.rules to cloud.firestore 
[info] 
[info] ✔  Deploy complete! 
[info] 
[info] Project Console: https://console.firebase.google.com/project/cheering-rocket-b3608/overview
